
R version 3.2.3 (2015-12-10) -- "Wooden Christmas-Tree"
Copyright (C) 2015 The R Foundation for Statistical Computing
Platform: x86_64-pc-linux-gnu (64-bit)

R is free software and comes with ABSOLUTELY NO WARRANTY.
You are welcome to redistribute it under certain conditions.
Type 'license()' or 'licence()' for distribution details.

  Natural language support but running in an English locale

R is a collaborative project with many contributors.
Type 'contributors()' for more information and
'citation()' on how to cite R or R packages in publications.

Type 'demo()' for some demos, 'help()' for on-line help, or
'help.start()' for an HTML browser interface to help.
Type 'q()' to quit R.

> source("regularization_functions.r")
Loading required package: lorec
Warning message:
In library(package, lib.loc = lib.loc, character.only = TRUE, logical.return = TRUE,  :
  there is no package called ‘lorec’
> require(picante)
Loading required package: picante
Warning message:
In library(package, lib.loc = lib.loc, character.only = TRUE, logical.return = TRUE,  :
  there is no package called ‘picante’
> require(ape) 
Loading required package: ape
Warning message:
In library(package, lib.loc = lib.loc, character.only = TRUE, logical.return = TRUE,  :
  there is no package called ‘ape’
> require(geiger)
Loading required package: geiger
Warning message:
In library(package, lib.loc = lib.loc, character.only = TRUE, logical.return = TRUE,  :
  there is no package called ‘geiger’
> require(fields)
Loading required package: fields
Loading required package: spam
Loading required package: grid
Spam version 1.3-0 (2015-10-24) is loaded.
Type 'help( Spam)' or 'demo( spam)' for a short introduction 
and overview of this package.
Help for individual functions is also obtained by adding the
suffix '.spam' to the function name, e.g. 'help( chol.spam)'.

Attaching package: ‘spam’

The following objects are masked from ‘package:base’:

    backsolve, forwardsolve

Loading required package: maps

 # maps v3.1: updated 'world': all lakes moved to separate new #
 # 'lakes' database. Type '?world' or 'news(package="maps")'.  #


> 
> set.seed(123456)
> 
> 
> # A couple functions to facilitate simulation
> 
> test_cov_matrix <- function() {
+ 	# Builds a simple character covariance matrix for simulating data
+ 	
+ 	G <- 100
+ 	trueCovariance = matrix(0,G,G)
+ 	trueCovariance[1:10,1:10] = 0.95
+ 	trueCovariance[11:80,11:80] = 0.3
+ 	trueCovariance[81:100,81:100] = 0.7
+ 	diag(trueCovariance) = 1
+ 
+ 	return( trueCovariance ) 
+ }
> 
> plot_matrix <- function(m, ... ) {
+ 	# Basic plotting
+ 	nr <- nrow(m)
+ 	nc <- ncol(m)
+ 	image(1:nc, 1:nr, t(m[nr:1, ]), axes=F,xlab="", ylab="", ... )
+ }
> 
> 
> # Build the true matrix
> trueCovariance = test_cov_matrix()
> 
> # Run the phylogenetic analyses
> tree_text <- "(((Species_A:10.0,Species_B:10.0)I:40.0,(Species_C:40.0,Species_D:40.0)J:10.0)K:10.0,(Species_E:45.0,(Species_F:30.0,(Species_G:15.0,Species_H:15.0)O:15.0)N:15.0)M:15.0)L:0.0;"
> phy <- read.tree( text=tree_text )
Error: could not find function "read.tree"
Execution halted
